[www.hashdog.com/brochure/index.html]
[backblue.gif]
[fade.gif]
[index.html]
[www.hashdog.com/brochure/favicon.png]
[www.hashdog.com/brochure/apple-touch-icon.3.delayed]
[www.hashdog.com/brochure/img/ruby_icon.png]
[www.hashdog.com/brochure/img/compass.png]
[www.hashdog.com/brochure/img/bourbonneat.png]
[www.hashdog.com/brochure/img/foundation.png]
[www.hashdog.com/brochure/img/jquery.png]
[www.hashdog.com/brochure/img/coffeescript.png]
[www.hashdog.com/brochure/img/ember.png]
[www.hashdog.com/brochure/img/backbone.png]
[www.hashdog.com/brochure/img/angular.png]
[www.hashdog.com/brochure/img/nodejs.png]
[www.hashdog.com/brochure/img/middleman.png]
[www.hashdog.com/brochure/img/ruby.png]
[www.hashdog.com/brochure/img/rubyonrails.png]
[www.hashdog.com/brochure/img/sinatra_padrino.png]
[www.hashdog.com/brochure/img/mysql.png]
[www.hashdog.com/brochure/img/postgresql.png]
[www.hashdog.com/brochure/img/sql_server.png]
[www.hashdog.com/brochure/img/mongo.png]
[www.hashdog.com/brochure/img/couchdb.png]
[www.hashdog.com/brochure/img/redis.png]
[www.hashdog.com/brochure/img/php.png]
[www.hashdog.com/brochure/img/memcached.png]
[www.hashdog.com/brochure/img/sphinx.png]
[www.hashdog.com/brochure/img/elasticsearch.png]
[www.hashdog.com/brochure/img/chef.png]
[www.hashdog.com/brochure/img/puppet.png]
[www.hashdog.com/brochure/img/circleci.png]
[www.hashdog.com/brochure/img/climate.png]
[www.hashdog.com/brochure/img/travis.png]
[www.hashdog.com/brochure/img/hirolabs.png]
[www.hashdog.com/brochure/img/bandofcoders.png]
[www.hashdog.com/brochure/img/a4bandas.png]
[www.hashdog.com/brochure/img/lagaceta.png]
[www.hashdog.com/brochure/img/asante.png]
[www.hashdog.com/brochure/img/mckinsey.png]
[www.hashdog.com/brochure/index.html]
[www.hashdog.com/brochure/font/Antipasto_regular.otf]
[www.hashdog.com/brochure/img/map.png]
[www.hashdog.com/brochure/img/arrow.png]
[www.hashdog.com/brochure/css/impress-demo.css]
[www.hashdog.com/brochure/apple-touch-icon.html]
[www.hashdog.com/brochure/img/navegate.png]
[www.hashdog.com/brochure/font/fontawesome-webfontf77b.eot]
[www.hashdog.com/brochure/font/fontawesome-webfontd41d.eot]
[www.hashdog.com/brochure/font/fontawesome-webfontf77b.woff]
[www.hashdog.com/brochure/font/fontawesome-webfontf77b.ttf]
[www.hashdog.com/brochure/css/font-awesome.css]
[www.hashdog.com/brochure/css/font-awesome-ie7.css]
[www.hashdog.com/brochure/css/animate.css]
[www.hashdog.com/brochure/js/jquery-1.10.2.min.js]
[www.hashdog.com/brochure/js/impress.js]
[www.hashdog.com/brochure/js/script.js]
[www.hashdog.com/brochure/font/fontawesome-webfont.svg]
